../Drivers/CMSIS/Include/core_cm4.h:1688:22:__NVIC_EnableIRQ	16	static
../Drivers/CMSIS/Include/core_cm4.h:1816:22:__NVIC_SetPriority	16	static
../Core/Src/WS2812B_lib.c:11:6:effectOneColor	40	static
../Core/Src/WS2812B_lib.c:23:6:effectOneColorDim	40	static
../Core/Src/WS2812B_lib.c:96:6:effectUpDown	40	static
../Core/Src/WS2812B_lib.c:126:6:effectUpDownColorChange	40	static
../Core/Src/WS2812B_lib.c:156:6:effectNothing	16	static
../Core/Src/WS2812B_lib.c:161:6:effectSetOneLedColor	24	static
../Core/Src/WS2812B_lib.c:172:6:setLEDcolor	32	static
../Core/Src/WS2812B_lib.c:190:6:initDMA	8	static
../Core/Src/WS2812B_lib.c:256:6:initTIM1	4	static
../Core/Src/WS2812B_lib.c:274:6:initTIM2	8	static
../Core/Src/WS2812B_lib.c:287:6:DMA2_Stream6_IRQHandler	4	static
../Core/Src/WS2812B_lib.c:304:6:TIM2_IRQHandler	4	static
../Core/Src/WS2812B_lib.c:325:6:startLEDBufferTransmission	4	static
../Core/Src/WS2812B_lib.c:330:6:stopLEDBufferTransmission	4	static
